2023-07-11 12:49:11,419 - INFO - CONSENSUS_FIRST_ROUND - Finding process of validating list is started. (find_validated_main.py:17)
INFO:CONSENSUS_FIRST_ROUND:Finding process of validating list is started.
2023-07-11 12:49:11,420 - DEBUG - CONSENSUS_FIRST_ROUND - First temp_validating_list: [] (find_validated_main.py:19)
2023-07-11 12:49:11,420 - INFO - TRANSACTIONS - Removing dublicated transaction is started (duplicated.py:17)
DEBUG:CONSENSUS_FIRST_ROUND:First temp_validating_list: []
2023-07-11 12:49:11,426 - DEBUG - CONSENSUS_FIRST_ROUND - Candidate block {'action': 'myblock', 'transaction': [<naruno.transactions.transaction.Transaction object at 0x7f29331cdb50>], 'total_length': 3, 'sequence_number': 862, 'adding': False, 'id': 'MFYwEAYHKoZIzj0CAQYFK4EEAAoDQgAExkHmU8anZCGeBFo6LSbx1/mmUtKvt371hqghs0R8SacRSuSqSBA/SOauiEze13zJBRyQkTjD+H079mTze3W2Mg==', 'timestamp': '1689068950.2065053', 'signature': 'MEUCIQDZ7iS21e6bz7aTJz4VGSsIJdsKQSaao61pQ1N7PC4RSwIgOjF5SJpbKn8LPqVFOfUjlINCW3vC3994okTqfMC56Y8='} (find_validated_main.py:21)
2023-07-11 12:49:11,406 - DEBUG - NODE_0.0.0.0_8011 - Sending message: {'action': 'myblock', 'transaction': [{'sequence_number': 1, 'signature': 'MEYCIQC6fal8qVRoGMLPt/ASAauJTv28/D+JSNgFHDNd2jfiuAIhANq8sMR7dVB4i4jHXORl/+XRVzrohdJINXkzLP2ejfjD', 'fromUser': 'MFYwEAYHKoZIzj0CAQYFK4EEAAoDQgAEzZE8rQ5wFEkRhNyNEM74t3s3OqIH3OjlAPFyTFU8oABOLik3QCRWdAhQJ0pXcE/ZkfJcNzXf8O+1Dsq1ARW3nQ==', 'toUser': 'onuratakan', 'data': '', 'amount': 1.0, 'transaction_fee': 0.02, 'transaction_time': 1689068931}], 'total_length': 3, 'sequence_number': 862, 'adding': True, 'id': 'MFYwEAYHKoZIzj0CAQYFK4EEAAoDQgAEJgVq8mqDVf2vJdTcLuI6tnsxSKt52suG+W4XuEh9HGXU1fpiyIqK1cDdmRzfQahXFW0pHmBhBuc4Rk6KwaZ5Ow==', 'timestamp': '1689068951.3867953', 'signature': 'MEUCIQDhmstyWsDQdEFVEmU9NiXFvNXnc0uf1CBN2MInS8WBVQIgetTTIiTa8FHGuZraezoS+Fa92cjR3UFOr//cl0Fpvwo='} to 127.0.0.1:59488=MFYwEAYHKoZIzj0CAQYFK4EEAAoDQgAExkHmU8anZCGeBFo6LSbx1/mmUtKvt371hqghs0R8SacRSuSqSBA/SOauiEze13zJBRyQkTjD+H079mTze3W2Mg== (server.py:208)
2023-07-11 12:49:11,422 - DEBUG - BLOCKCHAIN - Highest block path: /root/lab/Naruno-1/naruno/api/../../naruno/lib/../db/temp_block.naruno.json-862-3-0-1689068934.335203 (get_block.py:86)
2023-07-11 12:49:11,424 - DEBUG - BLOCKCHAIN - Highest block path: /root/lab/Naruno-1/naruno/api/../../naruno/lib/../db/temp_block.naruno.json-862-3-0-1689068934.335203 (get_block.py:86)
INFO:TRANSACTIONS:Removing dublicated transaction is started
2023-07-11 12:49:11,432 - DEBUG - TRANSACTIONS - First block.validatin_list: [<naruno.transactions.transaction.Transaction object at 0x7f29331cdbe0>, <naruno.transactions.transaction.Transaction object at 0x7f29331cd640>, <naruno.transactions.transaction.Transaction object at 0x7f29331cd7c0>] (duplicated.py:18)
DEBUG:CONSENSUS_FIRST_ROUND:Candidate block {'action': 'myblock', 'transaction': [<naruno.transactions.transaction.Transaction object at 0x7f29331cdb50>], 'total_length': 3, 'sequence_number': 862, 'adding': False, 'id': 'MFYwEAYHKoZIzj0CAQYFK4EEAAoDQgAExkHmU8anZCGeBFo6LSbx1/mmUtKvt371hqghs0R8SacRSuSqSBA/SOauiEze13zJBRyQkTjD+H079mTze3W2Mg==', 'timestamp': '1689068950.2065053', 'signature': 'MEUCIQDZ7iS21e6bz7aTJz4VGSsIJdsKQSaao61pQ1N7PC4RSwIgOjF5SJpbKn8LPqVFOfUjlINCW3vC3994okTqfMC56Y8='}
2023-07-11 12:49:11,433 - DEBUG - CONSENSUS_FIRST_ROUND - Tx valid of MEYCIQDDQ9ZaYLtOpnY9ZUGobyw6Gefmo3YidTVT3WhyrgLZ6gIhAMDLiunTQYzb5jxzN4LXktIVFYF7C0FogOfsk54FxZ7w : 2 (find_validated_main.py:36)
DEBUG:NODE_0.0.0.0_8011:Sending message: {'action': 'myblock', 'transaction': [{'sequence_number': 1, 'signature': 'MEYCIQC6fal8qVRoGMLPt/ASAauJTv28/D+JSNgFHDNd2jfiuAIhANq8sMR7dVB4i4jHXORl/+XRVzrohdJINXkzLP2ejfjD', 'fromUser': 'MFYwEAYHKoZIzj0CAQYFK4EEAAoDQgAEzZE8rQ5wFEkRhNyNEM74t3s3OqIH3OjlAPFyTFU8oABOLik3QCRWdAhQJ0pXcE/ZkfJcNzXf8O+1Dsq1ARW3nQ==', 'toUser': 'onuratakan', 'data': '', 'amount': 1.0, 'transaction_fee': 0.02, 'transaction_time': 1689068931}], 'total_length': 3, 'sequence_number': 862, 'adding': True, 'id': 'MFYwEAYHKoZIzj0CAQYFK4EEAAoDQgAEJgVq8mqDVf2vJdTcLuI6tnsxSKt52suG+W4XuEh9HGXU1fpiyIqK1cDdmRzfQahXFW0pHmBhBuc4Rk6KwaZ5Ow==', 'timestamp': '1689068951.3867953', 'signature': 'MEUCIQDhmstyWsDQdEFVEmU9NiXFvNXnc0uf1CBN2MInS8WBVQIgetTTIiTa8FHGuZraezoS+Fa92cjR3UFOr//cl0Fpvwo='} to 127.0.0.1:59488=MFYwEAYHKoZIzj0CAQYFK4EEAAoDQgAExkHmU8anZCGeBFo6LSbx1/mmUtKvt371hqghs0R8SacRSuSqSBA/SOauiEze13zJBRyQkTjD+H079mTze3W2Mg==
DEBUG:BLOCKCHAIN:Highest block path: /root/lab/Naruno-1/naruno/api/../../naruno/lib/../db/temp_block.naruno.json-862-3-0-1689068934.335203
2023-07-11 12:49:11,435 - INFO - TRANSACTIONS - Removing dublicated transaction is started (duplicated.py:17)
DEBUG:BLOCKCHAIN:Highest block path: /root/lab/Naruno-1/naruno/api/../../naruno/lib/../db/temp_block.naruno.json-862-3-0-1689068934.335203
DEBUG:TRANSACTIONS:First block.validatin_list: [<naruno.transactions.transaction.Transaction object at 0x7f29331cdbe0>, <naruno.transactions.transaction.Transaction object at 0x7f29331cd640>, <naruno.transactions.transaction.Transaction object at 0x7f29331cd7c0>]
2023-07-11 12:49:11,436 - DEBUG - TRANSACTIONS - End block.validatin_list: [<naruno.transactions.transaction.Transaction object at 0x7f29331cdbe0>, <naruno.transactions.transaction.Transaction object at 0x7f29331cd640>, <naruno.transactions.transaction.Transaction object at 0x7f29331cd7c0>] (duplicated.py:29)
DEBUG:TRANSACTIONS:End block.validatin_list: [<naruno.transactions.transaction.Transaction object at 0x7f29331cdbe0>, <naruno.transactions.transaction.Transaction object at 0x7f29331cd640>, <naruno.transactions.transaction.Transaction object at 0x7f29331cd7c0>]2023-07-11 12:49:11,437 - INFO - TRANSACTIONS - Removing dublicated transaction is started (duplicated.py:17)
2023-07-11 12:49:11,438 - INFO - TRANSACTIONS - Removing dublicated transaction is started (duplicated.py:17)
2023-07-11 12:49:11,439 - DEBUG - NODE_0.0.0.0_8011 - Sending message: {'action': 'transactionrequest', 'sequence_number': 1, 'txsignature': 'MEYCIQC6fal8qVRoGMLPt/ASAauJTv28/D+JSNgFHDNd2jfiuAIhANq8sMR7dVB4i4jHXORl/+XRVzrohdJINXkzLP2ejfjD', 'fromUser': 'MFYwEAYHKoZIzj0CAQYFK4EEAAoDQgAEzZE8rQ5wFEkRhNyNEM74t3s3OqIH3OjlAPFyTFU8oABOLik3QCRWdAhQJ0pXcE/ZkfJcNzXf8O+1Dsq1ARW3nQ==', 'to_user': 'onuratakan', 'data': '', 'amount': 1.0, 'transaction_fee': 0.02, 'transaction_time': 1689068931, 'custom_current_time': None, 'custom_sequence_number': None, 'custom_balance': None, 'id': 'MFYwEAYHKoZIzj0CAQYFK4EEAAoDQgAEJgVq8mqDVf2vJdTcLuI6tnsxSKt52suG+W4XuEh9HGXU1fpiyIqK1cDdmRzfQahXFW0pHmBhBuc4Rk6KwaZ5Ow==', 'timestamp': '1689068951.3856914', 'signature': 'MEUCIQD2mkT9mbS7pXuEgeYWAUqqiC5hHsCTL04Xn4xcgMbLnwIge/RnHZTgAgZWOCDI/1M2QuL84voMpJDPfRLsuPrWga0='} to 0.0.0.0:8012=MFYwEAYHKoZIzj0CAQYFK4EEAAoDQgAEQAvX/py6a1GPF5FGhKkopxBtnzyK0e1uCDswMPxjgeJ812E4bQxzsv8E8v9QCw4hBN9T+HRn3DcrK02Ub/M0Fw== (server.py:208)
INFO:TRANSACTIONS:Removing dublicated transaction is started
2023-07-11 12:49:11,444 - DEBUG - TRANSACTIONS - First block.validatin_list: [<naruno.transactions.transaction.Transaction object at 0x7f29330a24f0>, <naruno.transactions.transaction.Transaction object at 0x7f29330a2130>, <naruno.transactions.transaction.Transaction object at 0x7f29330a2e20>] (duplicated.py:18)
DEBUG:CONSENSUS_FIRST_ROUND:Tx valid of MEYCIQDDQ9ZaYLtOpnY9ZUGobyw6Gefmo3YidTVT3WhyrgLZ6gIhAMDLiunTQYzb5jxzN4LXktIVFYF7C0FogOfsk54FxZ7w : 2
2023-07-11 12:49:11,445 - DEBUG - CONSENSUS_FIRST_ROUND - Transaction is valid (MEYCIQDDQ9ZaYLtOpnY9ZUGobyw6Gefmo3YidTVT3WhyrgLZ6gIhAMDLiunTQYzb5jxzN4LXktIVFYF7C0FogOfsk54FxZ7w) (find_validated_main.py:45)
INFO:TRANSACTIONS:Removing dublicated transaction is started
2023-07-11 12:49:11,446 - DEBUG - TRANSACTIONS - First block.validatin_list: [<naruno.transactions.transaction.Transaction object at 0x7f29331cd8e0>, <naruno.transactions.transaction.Transaction object at 0x7f29330a2e50>, <naruno.transactions.transaction.Transaction object at 0x7f29330a2070>] (duplicated.py:18)
DEBUG:TRANSACTIONS:First block.validatin_list: [<naruno.transactions.transaction.Transaction object at 0x7f29331cd8e0>, <naruno.transactions.transaction.Transaction object at 0x7f29330a2e50>, <naruno.transactions.transaction.Transaction object at 0x7f29330a2070>]
2023-07-11 12:49:11,446 - DEBUG - TRANSACTIONS - End block.validatin_list: [<naruno.transactions.transaction.Transaction object at 0x7f29331cd8e0>, <naruno.transactions.transaction.Transaction object at 0x7f29330a2e50>, <naruno.transactions.transaction.Transaction object at 0x7f29330a2070>] (duplicated.py:29)
DEBUG:TRANSACTIONS:End block.validatin_list: [<naruno.transactions.transaction.Transaction object at 0x7f29331cd8e0>, <naruno.transactions.transaction.Transaction object at 0x7f29330a2e50>, <naruno.transactions.transaction.Transaction object at 0x7f29330a2070>]2023-07-11 12:49:11,447 - INFO - TRANSACTIONS - MEUCIQCu1IWDxcenybkRf3qOAntJxcax4d0M9/Dc8IcAT3lE4AIgIcxnitPpu7rlGOANRXmkdz2cMiqe0IuwLZZoScV0eTo=: Checking the transaction started (check_transaction.py:31)
INFO:TRANSACTIONS:MEUCIQCu1IWDxcenybkRf3qOAntJxcax4d0M9/Dc8IcAT3lE4AIgIcxnitPpu7rlGOANRXmkdz2cMiqe0IuwLZZoScV0eTo=: Checking the transaction started
2023-07-11 12:49:11,447 - DEBUG - TRANSACTIONS - {'sequence_number': 1, 'signature': 'MEUCIQCu1IWDxcenybkRf3qOAntJxcax4d0M9/Dc8IcAT3lE4AIgIcxnitPpu7rlGOANRXmkdz2cMiqe0IuwLZZoScV0eTo=', 'fromUser': 'MFYwEAYHKoZIzj0CAQYFK4EEAAoDQgAEsqptAQnQFy2xe1uOXRLr4i0Fi4yy3HAMtZpx/tgy0PcR4BxpTtWXE22UiBgFwC1KsXDQjI5U0p2wyKXkVqa6KA==', 'toUser': 'onuratakan', 'data': '', 'amount': 1.0, 'transaction_fee': 0.02, 'transaction_time': 1689068931} (check_transaction.py:32)
DEBUG:CONSENSUS_FIRST_ROUND:Transaction is valid (MEYCIQDDQ9ZaYLtOpnY9ZUGobyw6Gefmo3YidTVT3WhyrgLZ6gIhAMDLiunTQYzb5jxzN4LXktIVFYF7C0FogOfsk54FxZ7w)
2023-07-11 12:49:11,448 - DEBUG - CONSENSUS_FIRST_ROUND - Candidate block {'action': 'myblock', 'transaction': [<naruno.transactions.transaction.Transaction object at 0x7f29331cd790>], 'total_length': 3, 'sequence_number': 862, 'adding': False, 'id': 'MFYwEAYHKoZIzj0CAQYFK4EEAAoDQgAEQAvX/py6a1GPF5FGhKkopxBtnzyK0e1uCDswMPxjgeJ812E4bQxzsv8E8v9QCw4hBN9T+HRn3DcrK02Ub/M0Fw==', 'timestamp': '1689068950.8127828', 'signature': 'MEYCIQDI9KnoClO4KC4UVreTr/hjznj/10yWU9U9QRXqYMMovQIhAJWFgJ8v3QvGFwxRIESjeUoPoZT0uaP6npZQxxj8uno5'} (find_validated_main.py:21)
DEBUG:NODE_0.0.0.0_8011:Sending message: {'action': 'transactionrequest', 'sequence_number': 1, 'txsignature': 'MEYCIQC6fal8qVRoGMLPt/ASAauJTv28/D+JSNgFHDNd2jfiuAIhANq8sMR7dVB4i4jHXORl/+XRVzrohdJINXkzLP2ejfjD', 'fromUser': 'MFYwEAYHKoZIzj0CAQYFK4EEAAoDQgAEzZE8rQ5wFEkRhNyNEM74t3s3OqIH3OjlAPFyTFU8oABOLik3QCRWdAhQJ0pXcE/ZkfJcNzXf8O+1Dsq1ARW3nQ==', 'to_user': 'onuratakan', 'data': '', 'amount': 1.0, 'transaction_fee': 0.02, 'transaction_time': 1689068931, 'custom_current_time': None, 'custom_sequence_number': None, 'custom_balance': None, 'id': 'MFYwEAYHKoZIzj0CAQYFK4EEAAoDQgAEJgVq8mqDVf2vJdTcLuI6tnsxSKt52suG+W4XuEh9HGXU1fpiyIqK1cDdmRzfQahXFW0pHmBhBuc4Rk6KwaZ5Ow==', 'timestamp': '1689068951.3856914', 'signature': 'MEUCIQD2mkT9mbS7pXuEgeYWAUqqiC5hHsCTL04Xn4xcgMbLnwIge/RnHZTgAgZWOCDI/1M2QuL84voMpJDPfRLsuPrWga0='} to 0.0.0.0:8012=MFYwEAYHKoZIzj0CAQYFK4EEAAoDQgAEQAvX/py6a1GPF5FGhKkopxBtnzyK0e1uCDswMPxjgeJ812E4bQxzsv8E8v9QCw4hBN9T+HRn3DcrK02Ub/M0Fw==
INFO:TRANSACTIONS:Removing dublicated transaction is started
2023-07-11 12:49:11,449 - DEBUG - TRANSACTIONS - First block.validatin_list: [<naruno.transactions.transaction.Transaction object at 0x7f29331cd760>, <naruno.transactions.transaction.Transaction object at 0x7f2938081f70>, <naruno.transactions.transaction.Transaction object at 0x7f2938081e80>] (duplicated.py:18)
DEBUG:TRANSACTIONS:First block.validatin_list: [<naruno.transactions.transaction.Transaction object at 0x7f29331cd760>, <naruno.transactions.transaction.Transaction object at 0x7f2938081f70>, <naruno.transactions.transaction.Transaction object at 0x7f2938081e80>]
2023-07-11 12:49:11,449 - DEBUG - TRANSACTIONS - End block.validatin_list: [<naruno.transactions.transaction.Transaction object at 0x7f29331cd760>, <naruno.transactions.transaction.Transaction object at 0x7f2938081f70>, <naruno.transactions.transaction.Transaction object at 0x7f2938081e80>] (duplicated.py:29)
DEBUG:TRANSACTIONS:{'sequence_number': 1, 'signature': 'MEUCIQCu1IWDxcenybkRf3qOAntJxcax4d0M9/Dc8IcAT3lE4AIgIcxnitPpu7rlGOANRXmkdz2cMiqe0IuwLZZoScV0eTo=', 'fromUser': 'MFYwEAYHKoZIzj0CAQYFK4EEAAoDQgAEsqptAQnQFy2xe1uOXRLr4i0Fi4yy3HAMtZpx/tgy0PcR4BxpTtWXE22UiBgFwC1KsXDQjI5U0p2wyKXkVqa6KA==', 'toUser': 'onuratakan', 'data': '', 'amount': 1.0, 'transaction_fee': 0.02, 'transaction_time': 1689068931}
2023-07-11 12:49:11,450 - INFO - BLOCKCHAIN - Calculating the transaction fee (change_transaction_fee.py:21)
INFO:BLOCKCHAIN:Calculating the transaction fee
2023-07-11 12:49:11,451 - INFO - BLOCKCHAIN - Start fee is: 0.02 (change_transaction_fee.py:22)
DEBUG:TRANSACTIONS:First block.validatin_list: [<naruno.transactions.transaction.Transaction object at 0x7f29330a24f0>, <naruno.transactions.transaction.Transaction object at 0x7f29330a2130>, <naruno.transactions.transaction.Transaction object at 0x7f29330a2e20>]
2023-07-11 12:49:11,451 - DEBUG - TRANSACTIONS - End block.validatin_list: [<naruno.transactions.transaction.Transaction object at 0x7f29330a24f0>, <naruno.transactions.transaction.Transaction object at 0x7f29330a2130>, <naruno.transactions.transaction.Transaction object at 0x7f29330a2e20>] (duplicated.py:29)
DEBUG:TRANSACTIONS:End block.validatin_list: [<naruno.transactions.transaction.Transaction object at 0x7f29330a24f0>, <naruno.transactions.transaction.Transaction object at 0x7f29330a2130>, <naruno.transactions.transaction.Transaction object at 0x7f29330a2e20>]2023-07-11 12:49:11,452 - INFO - TRANSACTIONS - Removing dublicated transaction is started (duplicated.py:17)
DEBUG:CONSENSUS_FIRST_ROUND:Candidate block {'action': 'myblock', 'transaction': [<naruno.transactions.transaction.Transaction object at 0x7f29331cd790>], 'total_length': 3, 'sequence_number': 862, 'adding': False, 'id': 'MFYwEAYHKoZIzj0CAQYFK4EEAAoDQgAEQAvX/py6a1GPF5FGhKkopxBtnzyK0e1uCDswMPxjgeJ812E4bQxzsv8E8v9QCw4hBN9T+HRn3DcrK02Ub/M0Fw==', 'timestamp': '1689068950.8127828', 'signature': 'MEYCIQDI9KnoClO4KC4UVreTr/hjznj/10yWU9U9QRXqYMMovQIhAJWFgJ8v3QvGFwxRIESjeUoPoZT0uaP6npZQxxj8uno5'}
2023-07-11 12:49:11,452 - DEBUG - CONSENSUS_FIRST_ROUND - Tx valid of MEUCIQCu1IWDxcenybkRf3qOAntJxcax4d0M9/Dc8IcAT3lE4AIgIcxnitPpu7rlGOANRXmkdz2cMiqe0IuwLZZoScV0eTo= : 2 (find_validated_main.py:36)
DEBUG:CONSENSUS_FIRST_ROUND:Tx valid of MEUCIQCu1IWDxcenybkRf3qOAntJxcax4d0M9/Dc8IcAT3lE4AIgIcxnitPpu7rlGOANRXmkdz2cMiqe0IuwLZZoScV0eTo= : 2
2023-07-11 12:49:11,453 - DEBUG - CONSENSUS_FIRST_ROUND - Transaction is valid (MEUCIQCu1IWDxcenybkRf3qOAntJxcax4d0M9/Dc8IcAT3lE4AIgIcxnitPpu7rlGOANRXmkdz2cMiqe0IuwLZZoScV0eTo=) (find_validated_main.py:45)
DEBUG:TRANSACTIONS:End block.validatin_list: [<naruno.transactions.transaction.Transaction object at 0x7f29331cd760>, <naruno.transactions.transaction.Transaction object at 0x7f2938081f70>, <naruno.transactions.transaction.Transaction object at 0x7f2938081e80>]2023-07-11 12:49:11,453 - INFO - TRANSACTIONS - Removing dublicated transaction is started (duplicated.py:17)
INFO:TRANSACTIONS:Removing dublicated transaction is started
2023-07-11 12:49:11,454 - DEBUG - TRANSACTIONS - First block.validatin_list: [<naruno.transactions.transaction.Transaction object at 0x7f29331cd970>, <naruno.transactions.transaction.Transaction object at 0x7f29331cda60>, <naruno.transactions.transaction.Transaction object at 0x7f293307c550>] (duplicated.py:18)
INFO:BLOCKCHAIN:Start fee is: 0.02
2023-07-11 12:49:11,455 - DEBUG - NODE_0.0.0.0_8011 - Sending message: {'action': 'myblock', 'transaction': [{'sequence_number': 1, 'signature': 'MEYCIQC6fal8qVRoGMLPt/ASAauJTv28/D+JSNgFHDNd2jfiuAIhANq8sMR7dVB4i4jHXORl/+XRVzrohdJINXkzLP2ejfjD', 'fromUser': 'MFYwEAYHKoZIzj0CAQYFK4EEAAoDQgAEzZE8rQ5wFEkRhNyNEM74t3s3OqIH3OjlAPFyTFU8oABOLik3QCRWdAhQJ0pXcE/ZkfJcNzXf8O+1Dsq1ARW3nQ==', 'toUser': 'onuratakan', 'data': '', 'amount': 1.0, 'transaction_fee': 0.02, 'transaction_time': 1689068931}], 'total_length': 3, 'sequence_number': 862, 'adding': True, 'id': 'MFYwEAYHKoZIzj0CAQYFK4EEAAoDQgAEJgVq8mqDVf2vJdTcLuI6tnsxSKt52suG+W4XuEh9HGXU1fpiyIqK1cDdmRzfQahXFW0pHmBhBuc4Rk6KwaZ5Ow==', 'timestamp': '1689068951.3867953', 'signature': 'MEUCIQDhmstyWsDQdEFVEmU9NiXFvNXnc0uf1CBN2MInS8WBVQIgetTTIiTa8FHGuZraezoS+Fa92cjR3UFOr//cl0Fpvwo='} to 0.0.0.0:8012=MFYwEAYHKoZIzj0CAQYFK4EEAAoDQgAEQAvX/py6a1GPF5FGhKkopxBtnzyK0e1uCDswMPxjgeJ812E4bQxzsv8E8v9QCw4hBN9T+HRn3DcrK02Ub/M0Fw== (server.py:208)
2023-07-11 12:49:11,458 - DEBUG - BLOCKCHAIN - total_len: 3 (change_transaction_fee.py:32)
DEBUG:CONSENSUS_FIRST_ROUND:Transaction is valid (MEUCIQCu1IWDxcenybkRf3qOAntJxcax4d0M9/Dc8IcAT3lE4AIgIcxnitPpu7rlGOANRXmkdz2cMiqe0IuwLZZoScV0eTo=)
2023-07-11 12:49:11,458 - DEBUG - CONSENSUS_FIRST_ROUND - Candidate block {'action': 'myblock', 'transaction': [<naruno.transactions.transaction.Transaction object at 0x7f29331cd880>, <naruno.transactions.transaction.Transaction object at 0x7f29331cd9d0>, <naruno.transactions.transaction.Transaction object at 0x7f29331cde20>], 'signature': 'self', 'sequence_number': 862} (find_validated_main.py:21)
INFO:TRANSACTIONS:Removing dublicated transaction is started
2023-07-11 12:49:11,459 - DEBUG - TRANSACTIONS - First block.validatin_list: [<naruno.transactions.transaction.Transaction object at 0x7f29331cd730>, <naruno.transactions.transaction.Transaction object at 0x7f29331cdb80>, <naruno.transactions.transaction.Transaction object at 0x7f2938081e20>] (duplicated.py:18)
DEBUG:TRANSACTIONS:First block.validatin_list: [<naruno.transactions.transaction.Transaction object at 0x7f29331cd970>, <naruno.transactions.transaction.Transaction object at 0x7f29331cda60>, <naruno.transactions.transaction.Transaction object at 0x7f293307c550>]
2023-07-11 12:49:11,459 - DEBUG - TRANSACTIONS - End block.validatin_list: [<naruno.transactions.transaction.Transaction object at 0x7f29331cd970>, <naruno.transactions.transaction.Transaction object at 0x7f29331cda60>, <naruno.transactions.transaction.Transaction object at 0x7f293307c550>] (duplicated.py:29)
DEBUG:NODE_0.0.0.0_8011:Sending message: {'action': 'myblock', 'transaction': [{'sequence_number': 1, 'signature': 'MEYCIQC6fal8qVRoGMLPt/ASAauJTv28/D+JSNgFHDNd2jfiuAIhANq8sMR7dVB4i4jHXORl/+XRVzrohdJINXkzLP2ejfjD', 'fromUser': 'MFYwEAYHKoZIzj0CAQYFK4EEAAoDQgAEzZE8rQ5wFEkRhNyNEM74t3s3OqIH3OjlAPFyTFU8oABOLik3QCRWdAhQJ0pXcE/ZkfJcNzXf8O+1Dsq1ARW3nQ==', 'toUser': 'onuratakan', 'data': '', 'amount': 1.0, 'transaction_fee': 0.02, 'transaction_time': 1689068931}], 'total_length': 3, 'sequence_number': 862, 'adding': True, 'id': 'MFYwEAYHKoZIzj0CAQYFK4EEAAoDQgAEJgVq8mqDVf2vJdTcLuI6tnsxSKt52suG+W4XuEh9HGXU1fpiyIqK1cDdmRzfQahXFW0pHmBhBuc4Rk6KwaZ5Ow==', 'timestamp': '1689068951.3867953', 'signature': 'MEUCIQDhmstyWsDQdEFVEmU9NiXFvNXnc0uf1CBN2MInS8WBVQIgetTTIiTa8FHGuZraezoS+Fa92cjR3UFOr//cl0Fpvwo='} to 0.0.0.0:8012=MFYwEAYHKoZIzj0CAQYFK4EEAAoDQgAEQAvX/py6a1GPF5FGhKkopxBtnzyK0e1uCDswMPxjgeJ812E4bQxzsv8E8v9QCw4hBN9T+HRn3DcrK02Ub/M0Fw==
DEBUG:BLOCKCHAIN:total_len: 3
2023-07-11 12:49:11,460 - DEBUG - BLOCKCHAIN - block.default_optimum_transaction_number 200 (change_transaction_fee.py:33)
DEBUG:CONSENSUS_FIRST_ROUND:Candidate block {'action': 'myblock', 'transaction': [<naruno.transactions.transaction.Transaction object at 0x7f29331cd880>, <naruno.transactions.transaction.Transaction object at 0x7f29331cd9d0>, <naruno.transactions.transaction.Transaction object at 0x7f29331cde20>], 'signature': 'self', 'sequence_number': 862}
2023-07-11 12:49:11,461 - DEBUG - CONSENSUS_FIRST_ROUND - Tx valid of MEUCIQCu1IWDxcenybkRf3qOAntJxcax4d0M9/Dc8IcAT3lE4AIgIcxnitPpu7rlGOANRXmkdz2cMiqe0IuwLZZoScV0eTo= : 2 (find_validated_main.py:36)
DEBUG:CONSENSUS_FIRST_ROUND:Tx valid of MEUCIQCu1IWDxcenybkRf3qOAntJxcax4d0M9/Dc8IcAT3lE4AIgIcxnitPpu7rlGOANRXmkdz2cMiqe0IuwLZZoScV0eTo= : 2
2023-07-11 12:49:11,461 - DEBUG - CONSENSUS_FIRST_ROUND - The transaction is already in the list (find_validated_main.py:42)
DEBUG:CONSENSUS_FIRST_ROUND:The transaction is already in the list
2023-07-11 12:49:11,462 - DEBUG - CONSENSUS_FIRST_ROUND - Tx valid of MEYCIQC6fal8qVRoGMLPt/ASAauJTv28/D+JSNgFHDNd2jfiuAIhANq8sMR7dVB4i4jHXORl/+XRVzrohdJINXkzLP2ejfjD : 1 (find_validated_main.py:36)
DEBUG:CONSENSUS_FIRST_ROUND:Tx valid of MEYCIQC6fal8qVRoGMLPt/ASAauJTv28/D+JSNgFHDNd2jfiuAIhANq8sMR7dVB4i4jHXORl/+XRVzrohdJINXkzLP2ejfjD : 1
2023-07-11 12:49:11,462 - DEBUG - CONSENSUS_FIRST_ROUND - Tx valid of MEYCIQDDQ9ZaYLtOpnY9ZUGobyw6Gefmo3YidTVT3WhyrgLZ6gIhAMDLiunTQYzb5jxzN4LXktIVFYF7C0FogOfsk54FxZ7w : 2 (find_validated_main.py:36)
DEBUG:CONSENSUS_FIRST_ROUND:Tx valid of MEYCIQDDQ9ZaYLtOpnY9ZUGobyw6Gefmo3YidTVT3WhyrgLZ6gIhAMDLiunTQYzb5jxzN4LXktIVFYF7C0FogOfsk54FxZ7w : 2
2023-07-11 12:49:11,463 - DEBUG - CONSENSUS_FIRST_ROUND - The transaction is already in the list (find_validated_main.py:42)
DEBUG:CONSENSUS_FIRST_ROUND:The transaction is already in the list
2023-07-11 12:49:11,463 - DEBUG - CONSENSUS_FIRST_ROUND - First temp_validating_list: [<naruno.transactions.transaction.Transaction object at 0x7f29331cdb50>, <naruno.transactions.transaction.Transaction object at 0x7f29331cd790>] (find_validated_main.py:48)